// Jest Snapshot v1, https://goo.gl/fbAQLP

exports[`renders all the components we need 1`] = `
<div
  className="typewriter"
>
  <h1>
    Hello aliens
  </h1>
  <div
    id="keyboard"
  >
    <button
      onClick={[Function]}
    >
      🎿
    </button>
    <button
      onClick={[Function]}
    >
      😻
    </button>
    <button
      onClick={[Function]}
    >
      😿
    </button>
    <button
      onClick={[Function]}
    >
      🙋
    </button>
    <button
      onClick={[Function]}
    >
      🙌
    </button>
    <button
      onClick={[Function]}
    >
      🚁
    </button>
    <button
      onClick={[Function]}
    >
      🏃
    </button>
    <button
      onClick={[Function]}
    >
      🏷
    </button>
    <button
      onClick={[Function]}
    >
      👃
    </button>
    <button
      onClick={[Function]}
    >
      🗢
    </button>
    <button
      onClick={[Function]}
    >
      👑
    </button>
    <button
      onClick={[Function]}
    >
      👕
    </button>
    <button
      onClick={[Function]}
    >
      👖
    </button>
    <button
      onClick={[Function]}
    >
      👗
    </button>
    <button
      onClick={[Function]}
    >
      👛
    </button>
    <button
      onClick={[Function]}
    >
      👝
    </button>
    <button
      onClick={[Function]}
    >
      👢
    </button>
    <button
      onClick={[Function]}
    >
      👦
    </button>
    <button
      onClick={[Function]}
    >
      👧
    </button>
    <button
      onClick={[Function]}
    >
      👶
    </button>
    <button
      onClick={[Function]}
    >
      👻
    </button>
    <button
      onClick={[Function]}
    >
      👼
    </button>
    <button
      onClick={[Function]}
    >
      👽
    </button>
    <button
      onClick={[Function]}
    >
      💀
    </button>
    <button
      onClick={[Function]}
    >
      💊
    </button>
    <button
      onClick={[Function]}
    >
      💍
    </button>
    <button
      onClick={[Function]}
    >
      💎
    </button>
    <button
      onClick={[Function]}
    >
      💴
    </button>
    <button
      onClick={[Function]}
    >
      💶
    </button>
    <button
      onClick={[Function]}
    >
      💷
    </button>
    <button
      onClick={[Function]}
    >
      💺
    </button>
    <button
      onClick={[Function]}
    >
      📀
    </button>
    <button
      onClick={[Function]}
    >
      📅
    </button>
    <button
      onClick={[Function]}
    >
      📔
    </button>
    <button
      onClick={[Function]}
    >
      📖
    </button>
    <button
      onClick={[Function]}
    >
      📚
    </button>
    <button
      onClick={[Function]}
    >
      📟
    </button>
    <button
      onClick={[Function]}
    >
      📠
    </button>
    <button
      onClick={[Function]}
    >
      📣
    </button>
    <button
      onClick={[Function]}
    >
      📻
    </button>
    <button
      onClick={[Function]}
    >
      📼
    </button>
    <button
      onClick={[Function]}
    >
      🔑
    </button>
    <button
      onClick={[Function]}
    >
      🔒
    </button>
    <button
      onClick={[Function]}
    >
      🔔
    </button>
    <button
      onClick={[Function]}
    >
      🕳
    </button>
    <button
      onClick={[Function]}
    >
      🖪
    </button>
    <button
      onClick={[Function]}
    >
      🖫
    </button>
    <button
      onClick={[Function]}
    >
      🖺
    </button>
    <button
      onClick={[Function]}
    >
      🗈
    </button>
    <button
      onClick={[Function]}
    >
      🗏
    </button>
    <button
      onClick={[Function]}
    >
      🗐
    </button>
    <button
      onClick={[Function]}
    >
      🗿
    </button>
    <button
      onClick={[Function]}
    >
      😁
    </button>
    <button
      onClick={[Function]}
    >
      😃
    </button>
    <button
      onClick={[Function]}
    >
      😄
    </button>
    <button
      onClick={[Function]}
    >
      😉
    </button>
    <button
      onClick={[Function]}
    >
      😏
    </button>
    <button
      onClick={[Function]}
    >
      😓
    </button>
    <button
      onClick={[Function]}
    >
      😠
    </button>
    <button
      onClick={[Function]}
    >
      😡
    </button>
    <button
      onClick={[Function]}
    >
      😩
    </button>
    <button
      onClick={[Function]}
    >
      😪
    </button>
    <button
      onClick={[Function]}
    >
      😯
    </button>
    <button
      onClick={[Function]}
    >
      😱
    </button>
    <button
      onClick={[Function]}
    >
      😷
    </button>
    <button
      onClick={[Function]}
    >
      🚪
    </button>
    <button
      onClick={[Function]}
    >
      🛀
    </button>
    <button
      onClick={[Function]}
    >
      ⌚️
    </button>
  </div>
  <button
    onClick={[Function]}
  >
    CLEAR
  </button>
</div>
`;
