// Jest Snapshot v1, https://goo.gl/fbAQLP

exports[`creates a button 1`] = `
<button>
  ðŸ˜»
</button>
`;
