// Jest Snapshot v1, https://goo.gl/fbAQLP

exports[`renders correctly 1`] = `
<div
  id="keyboard"
>
  <button
    disabled={false}
    onClick={[Function]}
  >
    🎿
  </button>
  <button
    disabled={false}
    onClick={[Function]}
  >
    😻
  </button>
  <button
    disabled={false}
    onClick={[Function]}
  >
    😿
  </button>
  <button
    disabled={false}
    onClick={[Function]}
  >
    🙋
  </button>
  <button
    disabled={false}
    onClick={[Function]}
  >
    🙌
  </button>
  <button
    disabled={false}
    onClick={[Function]}
  >
    🚁
  </button>
  <button
    disabled={false}
    onClick={[Function]}
  >
    🏃
  </button>
  <button
    disabled={false}
    onClick={[Function]}
  >
    🏷
  </button>
  <button
    disabled={false}
    onClick={[Function]}
  >
    👃
  </button>
  <button
    disabled={false}
    onClick={[Function]}
  >
    🗢
  </button>
  <button
    disabled={false}
    onClick={[Function]}
  >
    👑
  </button>
  <button
    disabled={false}
    onClick={[Function]}
  >
    👕
  </button>
  <button
    disabled={false}
    onClick={[Function]}
  >
    👖
  </button>
  <button
    disabled={false}
    onClick={[Function]}
  >
    👗
  </button>
  <button
    disabled={false}
    onClick={[Function]}
  >
    👛
  </button>
  <button
    disabled={false}
    onClick={[Function]}
  >
    👝
  </button>
  <button
    disabled={false}
    onClick={[Function]}
  >
    👢
  </button>
  <button
    disabled={false}
    onClick={[Function]}
  >
    👦
  </button>
  <button
    disabled={false}
    onClick={[Function]}
  >
    👧
  </button>
  <button
    disabled={false}
    onClick={[Function]}
  >
    👶
  </button>
  <button
    disabled={false}
    onClick={[Function]}
  >
    👻
  </button>
  <button
    disabled={false}
    onClick={[Function]}
  >
    👼
  </button>
  <button
    disabled={false}
    onClick={[Function]}
  >
    👽
  </button>
  <button
    disabled={false}
    onClick={[Function]}
  >
    💀
  </button>
  <button
    disabled={false}
    onClick={[Function]}
  >
    💊
  </button>
  <button
    disabled={false}
    onClick={[Function]}
  >
    💍
  </button>
  <button
    disabled={false}
    onClick={[Function]}
  >
    💎
  </button>
  <button
    disabled={false}
    onClick={[Function]}
  >
    💴
  </button>
  <button
    disabled={false}
    onClick={[Function]}
  >
    💶
  </button>
  <button
    disabled={false}
    onClick={[Function]}
  >
    💷
  </button>
  <button
    disabled={false}
    onClick={[Function]}
  >
    💺
  </button>
  <button
    disabled={false}
    onClick={[Function]}
  >
    📀
  </button>
  <button
    disabled={false}
    onClick={[Function]}
  >
    📅
  </button>
  <button
    disabled={false}
    onClick={[Function]}
  >
    📔
  </button>
  <button
    disabled={false}
    onClick={[Function]}
  >
    📖
  </button>
  <button
    disabled={false}
    onClick={[Function]}
  >
    📚
  </button>
  <button
    disabled={false}
    onClick={[Function]}
  >
    📟
  </button>
  <button
    disabled={false}
    onClick={[Function]}
  >
    📠
  </button>
  <button
    disabled={false}
    onClick={[Function]}
  >
    📣
  </button>
  <button
    disabled={false}
    onClick={[Function]}
  >
    📻
  </button>
  <button
    disabled={false}
    onClick={[Function]}
  >
    📼
  </button>
  <button
    disabled={false}
    onClick={[Function]}
  >
    🔑
  </button>
  <button
    disabled={false}
    onClick={[Function]}
  >
    🔒
  </button>
  <button
    disabled={false}
    onClick={[Function]}
  >
    🔔
  </button>
  <button
    disabled={false}
    onClick={[Function]}
  >
    🕳
  </button>
  <button
    disabled={false}
    onClick={[Function]}
  >
    🖪
  </button>
  <button
    disabled={false}
    onClick={[Function]}
  >
    🖫
  </button>
  <button
    disabled={false}
    onClick={[Function]}
  >
    🖺
  </button>
  <button
    disabled={false}
    onClick={[Function]}
  >
    🗈
  </button>
  <button
    disabled={false}
    onClick={[Function]}
  >
    🗏
  </button>
  <button
    disabled={false}
    onClick={[Function]}
  >
    🗐
  </button>
  <button
    disabled={false}
    onClick={[Function]}
  >
    🗿
  </button>
  <button
    disabled={false}
    onClick={[Function]}
  >
    😁
  </button>
  <button
    disabled={false}
    onClick={[Function]}
  >
    😃
  </button>
  <button
    disabled={false}
    onClick={[Function]}
  >
    😄
  </button>
  <button
    disabled={false}
    onClick={[Function]}
  >
    😉
  </button>
  <button
    disabled={false}
    onClick={[Function]}
  >
    😏
  </button>
  <button
    disabled={false}
    onClick={[Function]}
  >
    😓
  </button>
  <button
    disabled={false}
    onClick={[Function]}
  >
    😠
  </button>
  <button
    disabled={false}
    onClick={[Function]}
  >
    😡
  </button>
  <button
    disabled={false}
    onClick={[Function]}
  >
    😩
  </button>
  <button
    disabled={false}
    onClick={[Function]}
  >
    😪
  </button>
  <button
    disabled={false}
    onClick={[Function]}
  >
    😯
  </button>
  <button
    disabled={false}
    onClick={[Function]}
  >
    😱
  </button>
  <button
    disabled={false}
    onClick={[Function]}
  >
    😷
  </button>
  <button
    disabled={false}
    onClick={[Function]}
  >
    🚪
  </button>
  <button
    disabled={false}
    onClick={[Function]}
  >
    🛀
  </button>
  <button
    disabled={false}
    onClick={[Function]}
  >
    ⌚️
  </button>
</div>
`;
