// Jest Snapshot v1, https://goo.gl/fbAQLP

exports[`renders correctly 1`] = `
<button
  disabled={false}
  onClick={[Function]}
  style={
    Object {
      "border": "1px red solid",
    }
  }
>
  ðŸŽ¿
</button>
`;
