// Jest Snapshot v1, https://goo.gl/fbAQLP

exports[`renders all the components we need 1`] = `
<div
  className="typewriter"
>
  <h1>
    Type your emoji
  </h1>
  <select
    onChange={[Function]}
  >
    <option
      value="objects"
    >
      Objects
    </option>
    <option
      value="faces"
    >
      Faces
    </option>
    <option
      value="gestures"
    >
      Gestures
    </option>
    <option
      value="transportation"
    >
      Transportation
    </option>
    <option
      value="people"
    >
      People
    </option>
  </select>
  <button
    onClick={[Function]}
  >
    Clear
  </button>
  <div
    id="keyboard"
  >
    <button
      onClick={[Function]}
    >
      🎿
    </button>
    <button
      onClick={[Function]}
    >
      🏷
    </button>
    <button
      onClick={[Function]}
    >
      👑
    </button>
    <button
      onClick={[Function]}
    >
      👕
    </button>
    <button
      onClick={[Function]}
    >
      👖
    </button>
    <button
      onClick={[Function]}
    >
      👗
    </button>
    <button
      onClick={[Function]}
    >
      👛
    </button>
    <button
      onClick={[Function]}
    >
      👝
    </button>
    <button
      onClick={[Function]}
    >
      👢
    </button>
    <button
      onClick={[Function]}
    >
      💊
    </button>
    <button
      onClick={[Function]}
    >
      💍
    </button>
    <button
      onClick={[Function]}
    >
      💎
    </button>
    <button
      onClick={[Function]}
    >
      💴
    </button>
    <button
      onClick={[Function]}
    >
      💶
    </button>
    <button
      onClick={[Function]}
    >
      💷
    </button>
    <button
      onClick={[Function]}
    >
      💺
    </button>
    <button
      onClick={[Function]}
    >
      📀
    </button>
    <button
      onClick={[Function]}
    >
      📅
    </button>
    <button
      onClick={[Function]}
    >
      📔
    </button>
    <button
      onClick={[Function]}
    >
      📖
    </button>
    <button
      onClick={[Function]}
    >
      📚
    </button>
    <button
      onClick={[Function]}
    >
      📟
    </button>
    <button
      onClick={[Function]}
    >
      📠
    </button>
    <button
      onClick={[Function]}
    >
      📣
    </button>
    <button
      onClick={[Function]}
    >
      📻
    </button>
    <button
      onClick={[Function]}
    >
      📼
    </button>
    <button
      onClick={[Function]}
    >
      🔑
    </button>
    <button
      onClick={[Function]}
    >
      🔒
    </button>
    <button
      onClick={[Function]}
    >
      🔔
    </button>
    <button
      onClick={[Function]}
    >
      🕳
    </button>
    <button
      onClick={[Function]}
    >
      🖪
    </button>
    <button
      onClick={[Function]}
    >
      🖫
    </button>
    <button
      onClick={[Function]}
    >
      🖺
    </button>
    <button
      onClick={[Function]}
    >
      🗈
    </button>
    <button
      onClick={[Function]}
    >
      🗏
    </button>
    <button
      onClick={[Function]}
    >
      🗐
    </button>
    <button
      onClick={[Function]}
    >
      🗿
    </button>
    <button
      onClick={[Function]}
    >
      🚪
    </button>
    <button
      onClick={[Function]}
    >
      🛀
    </button>
    <button
      onClick={[Function]}
    >
      ⌚️
    </button>
  </div>
  <h1>
    Type your emoji
  </h1>
</div>
`;
